2026-06-11 21:29:15 [INFO ] b.h.i.P.ProjetIntegreeApplication - Starting ProjetIntegreeApplication using Java 25 with PID 18416 (C:\Users\jeanf\Desktop\B2\PI.git\projet-integre-grp1\target\classes started by jeanf in C:\Users\jeanf\Desktop\B2\PI.git\projet-integre-grp1)
2026-06-11 21:29:15 [DEBUG] b.h.i.P.ProjetIntegreeApplication - Running with Spring Boot v3.4.5, Spring v6.2.6
2026-06-11 21:29:15 [INFO ] b.h.i.P.ProjetIntegreeApplication - No active profile set, falling back to 1 default profile: "default"
2026-06-11 21:29:15 [INFO ] o.s.b.w.e.tomcat.TomcatWebServer - Tomcat initialized with port 8080 (http)
2026-06-11 21:29:15 [INFO ] o.a.coyote.http11.Http11NioProtocol - Initializing ProtocolHandler ["http-nio-8080"]
2026-06-11 21:29:15 [INFO ] o.a.catalina.core.StandardService - Starting service [Tomcat]
2026-06-11 21:29:15 [INFO ] o.a.catalina.core.StandardEngine - Starting Servlet engine: [Apache Tomcat/10.1.40]
2026-06-11 21:29:15 [INFO ] o.a.c.c.C.[Tomcat].[localhost].[/] - Initializing Spring embedded WebApplicationContext
2026-06-11 21:29:15 [INFO ] o.s.b.w.s.c.ServletWebServerApplicationContext - Root WebApplicationContext: initialization completed in 601 ms
2026-06-11 21:29:15 [INFO ] o.a.coyote.http11.Http11NioProtocol - Starting ProtocolHandler ["http-nio-8080"]
2026-06-11 21:29:15 [INFO ] o.s.b.w.e.tomcat.TomcatWebServer - Tomcat started on port 8080 (http) with context path '/'
2026-06-11 21:29:15 [INFO ] b.h.i.P.ProjetIntegreeApplication - Started ProjetIntegreeApplication in 1.352 seconds (process running for 1.633)
2026-06-11 21:29:56 [INFO ] o.s.b.w.e.tomcat.GracefulShutdown - Commencing graceful shutdown. Waiting for active requests to complete
2026-06-11 21:29:56 [INFO ] o.s.b.w.e.tomcat.GracefulShutdown - Graceful shutdown complete
2026-06-11 21:30:03 [INFO ] b.h.i.P.ProjetIntegreeApplication - Starting ProjetIntegreeApplication using Java 25 with PID 7116 (C:\Users\jeanf\Desktop\B2\PI.git\projet-integre-grp1\target\classes started by jeanf in C:\Users\jeanf\Desktop\B2\PI.git\projet-integre-grp1)
2026-06-11 21:30:03 [DEBUG] b.h.i.P.ProjetIntegreeApplication - Running with Spring Boot v3.4.5, Spring v6.2.6
2026-06-11 21:30:03 [INFO ] b.h.i.P.ProjetIntegreeApplication - No active profile set, falling back to 1 default profile: "default"
2026-06-11 21:30:04 [INFO ] o.s.b.w.e.tomcat.TomcatWebServer - Tomcat initialized with port 8080 (http)
2026-06-11 21:30:04 [INFO ] o.a.coyote.http11.Http11NioProtocol - Initializing ProtocolHandler ["http-nio-8080"]
2026-06-11 21:30:04 [INFO ] o.a.catalina.core.StandardService - Starting service [Tomcat]
2026-06-11 21:30:04 [INFO ] o.a.catalina.core.StandardEngine - Starting Servlet engine: [Apache Tomcat/10.1.40]
2026-06-11 21:30:04 [INFO ] o.a.c.c.C.[Tomcat].[localhost].[/] - Initializing Spring embedded WebApplicationContext
2026-06-11 21:30:04 [INFO ] o.s.b.w.s.c.ServletWebServerApplicationContext - Root WebApplicationContext: initialization completed in 513 ms
2026-06-11 21:30:04 [INFO ] o.a.coyote.http11.Http11NioProtocol - Starting ProtocolHandler ["http-nio-8080"]
2026-06-11 21:30:04 [INFO ] o.s.b.w.e.tomcat.TomcatWebServer - Tomcat started on port 8080 (http) with context path '/'
2026-06-11 21:30:04 [INFO ] b.h.i.P.ProjetIntegreeApplication - Started ProjetIntegreeApplication in 1.137 seconds (process running for 1.324)
2026-06-11 21:30:29 [INFO ] o.s.b.w.e.tomcat.GracefulShutdown - Commencing graceful shutdown. Waiting for active requests to complete
2026-06-11 21:30:29 [INFO ] o.s.b.w.e.tomcat.GracefulShutdown - Graceful shutdown complete
